kreddymu@LIN19003720 MINGW64 ~/OneDrive - Capgemini/Desktop
$ mkdir project_dir

kreddymu@LIN19003720 MINGW64 ~/OneDrive - Capgemini/Desktop
$ cd project_dir

kreddymu@LIN19003720 MINGW64 ~/OneDrive - Capgemini/Desktop/project_dir
$ git init
Initialized empty Git repository in C:/Users/KREDDYMU/OneDrive - Capgemini/Desktop/project_dir/.git/

kreddymu@LIN19003720 MINGW64 ~/OneDrive - Capgemini/Desktop/project_dir (master)
$ touch index.html

kreddymu@LIN19003720 MINGW64 ~/OneDrive - Capgemini/Desktop/project_dir (master)
$ git status
On branch master

No commits yet

Untracked files:
  (use "git add <file>..." to include in what will be committed)
        index.html

nothing added to commit but untracked files present (use "git add" to track)

kreddymu@LIN19003720 MINGW64 ~/OneDrive - Capgemini/Desktop/project_dir (master)
$ git add .

kreddymu@LIN19003720 MINGW64 ~/OneDrive - Capgemini/Desktop/project_dir (master)
$ git commit -m "Committing index.html"
[master (root-commit) 560e760] Committing index.html
 1 file changed, 0 insertions(+), 0 deletions(-)
 create mode 100644 index.html

kreddymu@LIN19003720 MINGW64 ~/OneDrive - Capgemini/Desktop/project_dir (master)
$ git remote add origin https://github.com/karthikreddy78/Project_dir.git

kreddymu@LIN19003720 MINGW64 ~/OneDrive - Capgemini/Desktop/project_dir (master)
$ git push -u origin main
error: src refspec main does not match any
error: failed to push some refs to 'https://github.com/karthikreddy78/Project_dir.git'

kreddymu@LIN19003720 MINGW64 ~/OneDrive - Capgemini/Desktop/project_dir (master)
$ git push -u origin master
Enumerating objects: 3, done.
Counting objects: 100% (3/3), done.
Writing objects: 100% (3/3), 226 bytes | 45.00 KiB/s, done.
Total 3 (delta 0), reused 0 (delta 0), pack-reused 0
To https://github.com/karthikreddy78/Project_dir.git
 * [new branch]      master -> master
Branch 'master' set up to track remote branch 'master' from 'origin'.

kreddymu@LIN19003720 MINGW64 ~/OneDrive - Capgemini/Desktop/project_dir (master)
$ touch info.txt

kreddymu@LIN19003720 MINGW64 ~/OneDrive - Capgemini/Desktop/project_dir (master)
$ git status
On branch master
Your branch is up to date with 'origin/master'.

Changes not staged for commit:
  (use "git add <file>..." to update what will be committed)
  (use "git restore <file>..." to discard changes in working directory)
        modified:   index.html

Untracked files:
  (use "git add <file>..." to include in what will be committed)
        info.txt

no changes added to commit (use "git add" and/or "git commit -a")

kreddymu@LIN19003720 MINGW64 ~/OneDrive - Capgemini/Desktop/project_dir (master)
$ touch .gitignore

kreddymu@LIN19003720 MINGW64 ~/OneDrive - Capgemini/Desktop/project_dir (master)
$ git status
On branch master
Your branch is up to date with 'origin/master'.

Changes not staged for commit:
  (use "git add <file>..." to update what will be committed)
  (use "git restore <file>..." to discard changes in working directory)
        modified:   index.html

Untracked files:
  (use "git add <file>..." to include in what will be committed)
        .gitignore
        info.txt

no changes added to commit (use "git add" and/or "git commit -a")

kreddymu@LIN19003720 MINGW64 ~/OneDrive - Capgemini/Desktop/project_dir (master)
$ git status
On branch master
Your branch is up to date with 'origin/master'.

Changes not staged for commit:
  (use "git add <file>..." to update what will be committed)
  (use "git restore <file>..." to discard changes in working directory)
        modified:   index.html

Untracked files:
  (use "git add <file>..." to include in what will be committed)
        .gitignore

no changes added to commit (use "git add" and/or "git commit -a")

kreddymu@LIN19003720 MINGW64 ~/OneDrive - Capgemini/Desktop/project_dir (master)
$ git add .

kreddymu@LIN19003720 MINGW64 ~/OneDrive - Capgemini/Desktop/project_dir (master)
$ git commit -m "Edited index.html"
[master 181e2a2] Edited index.html
 2 files changed, 7 insertions(+)
 create mode 100644 .gitignore

kreddymu@LIN19003720 MINGW64 ~/OneDrive - Capgemini/Desktop/project_dir (master)
$ git push
Enumerating objects: 6, done.
Counting objects: 100% (6/6), done.
Delta compression using up to 8 threads
Compressing objects: 100% (3/3), done.
Writing objects: 100% (4/4), 362 bytes | 72.00 KiB/s, done.
Total 4 (delta 0), reused 0 (delta 0), pack-reused 0
To https://github.com/karthikreddy78/Project_dir.git
   560e760..181e2a2  master -> master

kreddymu@LIN19003720 MINGW64 ~/OneDrive - Capgemini/Desktop/project_dir (master)
$ git status
On branch master
Your branch is up to date with 'origin/master'.

Changes not staged for commit:
  (use "git add <file>..." to update what will be committed)
  (use "git restore <file>..." to discard changes in working directory)
        modified:   .gitignore

no changes added to commit (use "git add" and/or "git commit -a")

kreddymu@LIN19003720 MINGW64 ~/OneDrive - Capgemini/Desktop/project_dir (master)
$ git add .

kreddymu@LIN19003720 MINGW64 ~/OneDrive - Capgemini/Desktop/project_dir (master)
$ git commit -m "Edited gitignore"
[master 7a97e65] Edited gitignore
 1 file changed, 1 insertion(+), 1 deletion(-)

kreddymu@LIN19003720 MINGW64 ~/OneDrive - Capgemini/Desktop/project_dir (master)
$ git push
Enumerating objects: 5, done.
Counting objects: 100% (5/5), done.
Delta compression using up to 8 threads
Compressing objects: 100% (2/2), done.
Writing objects: 100% (3/3), 293 bytes | 73.00 KiB/s, done.
Total 3 (delta 0), reused 0 (delta 0), pack-reused 0
To https://github.com/karthikreddy78/Project_dir.git
   181e2a2..7a97e65  master -> master

kreddymu@LIN19003720 MINGW64 ~/OneDrive - Capgemini/Desktop/project_dir (master)
$ git log
commit 7a97e6557edeba7af5a795a0f2f178acdd5dba5d (HEAD -> master, origin/master)
Author: Reddy Musku <mkarthikreddy78@gmail.com>
Date:   Sat Oct 30 18:59:43 2021 +0530

    Edited gitignore

commit 181e2a27f5dbe2f71aba2c2d13e65acdb70e2fb6
Author: Reddy Musku <mkarthikreddy78@gmail.com>
Date:   Sat Oct 30 18:56:45 2021 +0530

    Edited index.html

commit 560e7600d437815119ad7451d5bf3db6d04086ab
Author: Reddy Musku <mkarthikreddy78@gmail.com>
Date:   Sat Oct 30 18:21:36 2021 +0530

    Committing index.html

kreddymu@LIN19003720 MINGW64 ~/OneDrive - Capgemini/Desktop/project_dir (master)
$ git status
On branch master
Your branch is up to date with 'origin/master'.

Changes not staged for commit:
  (use "git add <file>..." to update what will be committed)
  (use "git restore <file>..." to discard changes in working directory)
        modified:   index.html

no changes added to commit (use "git add" and/or "git commit -a")

kreddymu@LIN19003720 MINGW64 ~/OneDrive - Capgemini/Desktop/project_dir (master)
$ git revert
usage: git revert [<options>] <commit-ish>...
   or: git revert <subcommand>

    --quit                end revert or cherry-pick sequence
    --continue            resume revert or cherry-pick sequence
    --abort               cancel revert or cherry-pick sequence
    --skip                skip current commit and continue
    --cleanup <mode>      how to strip spaces and #comments from message
    -n, --no-commit       don't automatically commit
    -e, --edit            edit the commit message
    -s, --signoff         add a Signed-off-by trailer
    -m, --mainline <parent-number>
                          select mainline parent
    --rerere-autoupdate   update the index with reused conflict resolution if possible
    --strategy <strategy>
                          merge strategy
    -X, --strategy-option <option>
                          option for merge strategy
    -S, --gpg-sign[=<key-id>]
                          GPG sign commit


kreddymu@LIN19003720 MINGW64 ~/OneDrive - Capgemini/Desktop/project_dir (master)
$ git checkout -- index.html

kreddymu@LIN19003720 MINGW64 ~/OneDrive - Capgemini/Desktop/project_dir (master)
$ git status
On branch master
Your branch is up to date with 'origin/master'.

Changes not staged for commit:
  (use "git add <file>..." to update what will be committed)
  (use "git restore <file>..." to discard changes in working directory)
        modified:   index.html

no changes added to commit (use "git add" and/or "git commit -a")

kreddymu@LIN19003720 MINGW64 ~/OneDrive - Capgemini/Desktop/project_dir (master)
$ git add .

kreddymu@LIN19003720 MINGW64 ~/OneDrive - Capgemini/Desktop/project_dir (master)
$ git status
On branch master
Your branch is up to date with 'origin/master'.

Changes to be committed:
  (use "git restore --staged <file>..." to unstage)
        modified:   index.html


kreddymu@LIN19003720 MINGW64 ~/OneDrive - Capgemini/Desktop/project_dir (master)
$ git status
On branch master
Your branch is up to date with 'origin/master'.

Changes to be committed:
  (use "git restore --staged <file>..." to unstage)
        modified:   index.html


kreddymu@LIN19003720 MINGW64 ~/OneDrive - Capgemini/Desktop/project_dir (master)
$ git restore --staged .

kreddymu@LIN19003720 MINGW64 ~/OneDrive - Capgemini/Desktop/project_dir (master)
$ git status
On branch master
Your branch is up to date with 'origin/master'.

Changes not staged for commit:
  (use "git add <file>..." to update what will be committed)
  (use "git restore <file>..." to discard changes in working directory)
        modified:   index.html

no changes added to commit (use "git add" and/or "git commit -a")

kreddymu@LIN19003720 MINGW64 ~/OneDrive - Capgemini/Desktop/project_dir (master)
$ git restore .

kreddymu@LIN19003720 MINGW64 ~/OneDrive - Capgemini/Desktop/project_dir (master)
$ git status
On branch master
Your branch is up to date with 'origin/master'.

nothing to commit, working tree clean

kreddymu@LIN19003720 MINGW64 ~/OneDrive - Capgemini/Desktop/project_dir (master)
$ git config --global alias.my-add add

kreddymu@LIN19003720 MINGW64 ~/OneDrive - Capgemini/Desktop/project_dir (master)
$ git my-add .

kreddymu@LIN19003720 MINGW64 ~/OneDrive - Capgemini/Desktop/project_dir (master)
$ git status
On branch master
Your branch is up to date with 'origin/master'.

nothing to commit, working tree clean

kreddymu@LIN19003720 MINGW64 ~/OneDrive - Capgemini/Desktop/project_dir (master)
$ git status
On branch master
Your branch is up to date with 'origin/master'.

Changes not staged for commit:
  (use "git add <file>..." to update what will be committed)
  (use "git restore <file>..." to discard changes in working directory)
        modified:   index.html

no changes added to commit (use "git add" and/or "git commit -a")

kreddymu@LIN19003720 MINGW64 ~/OneDrive - Capgemini/Desktop/project_dir (master)
$ git my-add .

kreddymu@LIN19003720 MINGW64 ~/OneDrive - Capgemini/Desktop/project_dir (master)
$ git status
On branch master
Your branch is up to date with 'origin/master'.

Changes to be committed:
  (use "git restore --staged <file>..." to unstage)
        modified:   index.html


kreddymu@LIN19003720 MINGW64 ~/OneDrive - Capgemini/Desktop/project_dir (master)
$ git commit -m "Edited index"
[master 0e95215] Edited index
 1 file changed, 1 insertion(+), 1 deletion(-)

kreddymu@LIN19003720 MINGW64 ~/OneDrive - Capgemini/Desktop/project_dir (master)
$ git push
Enumerating objects: 5, done.
Counting objects: 100% (5/5), done.
Delta compression using up to 8 threads
Compressing objects: 100% (3/3), done.
Writing objects: 100% (3/3), 360 bytes | 120.00 KiB/s, done.
Total 3 (delta 0), reused 0 (delta 0), pack-reused 0
To https://github.com/karthikreddy78/Project_dir.git
   7a97e65..0e95215  master -> master

kreddymu@LIN19003720 MINGW64 ~/OneDrive - Capgemini/Desktop/project_dir (master)
$ git log
commit 0e95215fb68879d7dfc8beca3d223d6f257f6ad4 (HEAD -> master, origin/master)
Author: Reddy Musku <mkarthikreddy78@gmail.com>
Date:   Sat Oct 30 20:10:45 2021 +0530

    Edited index

commit 7a97e6557edeba7af5a795a0f2f178acdd5dba5d
Author: Reddy Musku <mkarthikreddy78@gmail.com>
Date:   Sat Oct 30 18:59:43 2021 +0530

    Edited gitignore

commit 181e2a27f5dbe2f71aba2c2d13e65acdb70e2fb6
Author: Reddy Musku <mkarthikreddy78@gmail.com>
Date:   Sat Oct 30 18:56:45 2021 +0530

    Edited index.html

commit 560e7600d437815119ad7451d5bf3db6d04086ab
Author: Reddy Musku <mkarthikreddy78@gmail.com>
Date:   Sat Oct 30 18:21:36 2021 +0530

    Committing index.html

kreddymu@LIN19003720 MINGW64 ~/OneDrive - Capgemini/Desktop/project_dir (master)
$ git revert 0e95215fb68879d7dfc8beca3d223d6f257f6ad4
[master 9ebe5e6] Revert "Edited index"
 1 file changed, 1 insertion(+), 1 deletion(-)

kreddymu@LIN19003720 MINGW64 ~/OneDrive - Capgemini/Desktop/project_dir (master)
$ git status
On branch master
Your branch is ahead of 'origin/master' by 1 commit.
  (use "git push" to publish your local commits)

nothing to commit, working tree clean

kreddymu@LIN19003720 MINGW64 ~/OneDrive - Capgemini/Desktop/project_dir (master)
$ git commit -m
error: switch `m' requires a value

kreddymu@LIN19003720 MINGW64 ~/OneDrive - Capgemini/Desktop/project_dir (master)
$ git commit
On branch master
Your branch is ahead of 'origin/master' by 1 commit.
  (use "git push" to publish your local commits)

nothing to commit, working tree clean

kreddymu@LIN19003720 MINGW64 ~/OneDrive - Capgemini/Desktop/project_dir (master)
$ git push
Enumerating objects: 5, done.
Counting objects: 100% (5/5), done.
Delta compression using up to 8 threads
Compressing objects: 100% (3/3), done.
Writing objects: 100% (3/3), 370 bytes | 185.00 KiB/s, done.
Total 3 (delta 0), reused 0 (delta 0), pack-reused 0
To https://github.com/karthikreddy78/Project_dir.git
   0e95215..9ebe5e6  master -> master

kreddymu@LIN19003720 MINGW64 ~/OneDrive - Capgemini/Desktop/project_dir (master)
$
